// Jest Snapshot v1, https://goo.gl/fbAQLP

exports[`Button renders correctly 1`] = `
<div
  className="ThemeProvider__Base-sc-1w52cfi-0 fMEevm"
>
  <button
    className="Button__ButtonElement-sc-u7scuu-2 iwcJvJ"
    size="md"
  >
    Something
  </button>
</div>
`;
