// Jest Snapshot v1, https://goo.gl/fbAQLP

exports[`Checkbox renders correctly 1`] = `
<div
  className="ThemeProvider__Base-sc-1w52cfi-0 fMEevm"
>
  <label
    className="Label__LabelElement-sc-1r8ik4v-0 cGWEb Checkboxtest__StyledLabel-sc-w4ffkd-0 hLnaTv"
    htmlFor="unchecked_box"
  >
    <div
      className="Checkbox__CheckBoxWrapper-sc-w0kchr-2 jHwSJF"
      id="blend-checkbox-wrapper-unchecked_box"
      onClick={[Function]}
    >
      <input
        className="Checkbox__StyledInput-sc-w0kchr-1 ffYStN"
        id="blend-checkbox-unchecked_box"
        onChange={[Function]}
        role="checkbox"
        type="checkbox"
      />
      <svg
        aria-hidden={true}
        className="BlendIcon-sc-1i0m6ln-0 kLCpLN"
        dangerouslySetInnerHTML={
          Object {
            "__html": "<path d=\\"M20 3H4a1 1 0 0 0-1 1v16a1 1 0 0 0 1 1h16a1 1 0 0 0 1-1V4a1 1 0 0 0-1-1z\\" fill=\\"currentColor\\"/>",
          }
        }
        data-name="empty"
        height="1.5rem"
        preserveAspectRatio="xMidYMid meet"
        role="img"
        style={
          Object {
            "color": "#00847A",
            "verticalAlign": "-0.125em",
          }
        }
        viewBox="0 0 24 24"
        width="1.5rem"
        xmlns="http://www.w3.org/2000/svg"
        xmlnsXlink="http://www.w3.org/1999/xlink"
      />
      <label
        className="Label__LabelElement-sc-1r8ik4v-0 enuWWq Checkbox__StyledLabel-sc-w0kchr-0 uZbLc"
      />
    </div>
    Unchecked by default
  </label>
</div>
`;
