// Jest Snapshot v1, https://goo.gl/fbAQLP

exports[`Divider renders correctly 1`] = `
<div
  className="ThemeProvider__Base-sc-1w52cfi-0 fMEevm"
>
  <hr
    className="Divider__DividerElement-sc-qfr82c-0 bZUdke"
  />
</div>
`;
