// Jest Snapshot v1, https://goo.gl/fbAQLP

exports[`Link renders correctly 1`] = `
<div
  className="ThemeProvider__Base-sc-1w52cfi-0 fMEevm"
>
  <a
    className="Link__LinkElement-sc-m2w4lu-0 hphgpU"
    href="#"
    rel="noopener"
    target="_blank"
  >
    Something
  </a>
</div>
`;
